[global-colors-014852.framer.app/index.html]
[backblue.gif]
[fade.gif]
[index.html]
[framerusercontent.com/images/hQeMMS8498qshbhg3LDmzDGrEYk.png]
[framerusercontent.com/images/Dgx7igYSKKhByW34YgClcE8zFm0.png]
[framerusercontent.com/images/yKF85HBtmvYzNDbHn9VzENWTNU.png]
[framerusercontent.com/sites/1mTe6BoeD3s0uuNFyPlhFo/chunk-JR5VT52U.mjs]
[framerusercontent.com/sites/1mTe6BoeD3s0uuNFyPlhFo/chunk-XOAHO3IX.mjs]
[framerusercontent.com/sites/1mTe6BoeD3s0uuNFyPlhFo/chunk-RIUMFBNJ.mjs]
[framerusercontent.com/sites/1mTe6BoeD3s0uuNFyPlhFo/chunk-CUFYNL2U.mjs]
[framerusercontent.com/sites/1mTe6BoeD3s0uuNFyPlhFo/Owc55CW13JGVu-5sSCdJnHFARw1tDLG2WGNiPboEELY.BB3OOFER.mjs]
[framerusercontent.com/sites/1mTe6BoeD3s0uuNFyPlhFo/chunk-T6QC476X.mjs]
[framerusercontent.com/sites/1mTe6BoeD3s0uuNFyPlhFo/chunk-QCIYL3EG.mjs]
[framerusercontent.com/sites/1mTe6BoeD3s0uuNFyPlhFo/chunk-VDDJU5IY.mjs]
[framerusercontent.com/sites/1mTe6BoeD3s0uuNFyPlhFo/chunk-BZ6Z2R2J.mjs]
[framerusercontent.com/sites/1mTe6BoeD3s0uuNFyPlhFo/chunk-262WKWUW.mjs]
[framerusercontent.com/sites/1mTe6BoeD3s0uuNFyPlhFo/chunk-42U43NKG.mjs]
[framerusercontent.com/sites/1mTe6BoeD3s0uuNFyPlhFo/script_main.RPRUB5GC.mjs]
[framerusercontent.com/images/64PpT4tDQWWunm6XICOvkAwaQrQ.png]
[global-colors-014852.framer.app/projects.html]
[global-colors-014852.framer.app/services.html]
[global-colors-014852.framer.app/contact.html]
[framerusercontent.com/images/6mcf62RlDfRfU61Yg5vb2pefpi4.png]
[global-colors-014852.framer.app/project_details/aspire-weeb.html]
[framerusercontent.com/images/JUyKFOwQUbhDdu4JvKjYYgKLPfw.png]
[global-colors-014852.framer.app/project_details/kstudio.html]
[framerusercontent.com/images/wedhhjUm60BwnmuJ5A5TTSmYErg.png]
[global-colors-014852.framer.app/project_details/1st-beauty.html]
[framerusercontent.com/images/gGLvAFuujw9ttvX8VIhhTovOBVk.png]
[global-colors-014852.framer.app/project_details/leadburn.html]
[framerusercontent.com/images/hMKU3OCiRDVmf6WwJVvcsIvimpE.png]
[global-colors-014852.framer.app/project_details/website-for-psychology.html]
[framerusercontent.com/images/pIQJeEtTP0vR7uXk7AMROR68FeI.png]
[global-colors-014852.framer.app/index.html]
[fonts.gstatic.com/index.html]
[framerusercontent.com/sites/1mTe6BoeD3s0uuNFyPlhFo/s66uafphMTPsdsC8priVPNAopPplaVw7Lc56RNB7wPY.5G4E6UXB.mjs]
[framerusercontent.com/sites/1mTe6BoeD3s0uuNFyPlhFo/chunk-GMOILYZO.mjs]
[framerusercontent.com/sites/1mTe6BoeD3s0uuNFyPlhFo/chunk-YSSBVHL6.mjs]
[global-colors-014852.framer.app/projects.html]
[framerusercontent.com/sites/1mTe6BoeD3s0uuNFyPlhFo/chunk-JI5QTXS4.mjs]
[framerusercontent.com/sites/1mTe6BoeD3s0uuNFyPlhFo/chunk-47UJUQYR.mjs]
[framerusercontent.com/sites/1mTe6BoeD3s0uuNFyPlhFo/e-a-GWp0eFmXPpUGJgGbKpUqJ6D1F0o5-Ju5CHoWSws.WPUM3MPJ.mjs]
[framerusercontent.com/sites/1mTe6BoeD3s0uuNFyPlhFo/chunk-YS5XYHQP.mjs]
[global-colors-014852.framer.app/services.html]
[framerusercontent.com/sites/1mTe6BoeD3s0uuNFyPlhFo/FkCIHapChvQhpiKYIYZO6GBKqkcpo3iVI8d1SnkxIUk.ZHX7RZ3X.mjs]
[global-colors-014852.framer.app/contact.html]
[framerusercontent.com/sites/1mTe6BoeD3s0uuNFyPlhFo/chunk-TCEW44DP.mjs]
[framerusercontent.com/sites/1mTe6BoeD3s0uuNFyPlhFo/Lzrl6TPtpQ346gwY2WZVrMtD8lIWAXkci6IOY-TP7w4.T2XCGX6T.mjs]
[global-colors-014852.framer.app/project_details/aspire-weeb.html]
[global-colors-014852.framer.app/project_details/kstudio.html]
[framerusercontent.com/sites/1mTe6BoeD3s0uuNFyPlhFo/chunk-Z6EJX32G.mjs]
[framerusercontent.com/images/yaTg93Sj4IVZNxefJbsrl61jx4.png]
[global-colors-014852.framer.app/project_details/1st-beauty.html]
[framerusercontent.com/images/jTKC5XQyMSFYdzkFKTcSh2lgW74.png]
[framerusercontent.com/images/rriw1YpJ1QXcHCPiTQlww5NIS7M.png]
[global-colors-014852.framer.app/project_details/leadburn.html]
[global-colors-014852.framer.app/project_details/website-for-psychology.html]
[framerusercontent.com/sites/1mTe6BoeD3s0uuNFyPlhFo/chunk-JR5VT52U.mjs]
[framerusercontent.com/sites/1mTe6BoeD3s0uuNFyPlhFo/chunk-XOAHO3IX.mjs]
[framerusercontent.com/sites/1mTe6BoeD3s0uuNFyPlhFo/Owc55CW13JGVu-5sSCdJnHFARw1tDLG2WGNiPboEELY.BB3OOFER.mjs]
[framerusercontent.com/sites/1mTe6BoeD3s0uuNFyPlhFo/chunk-BZ6Z2R2J.mjs]
[framerusercontent.com/sites/1mTe6BoeD3s0uuNFyPlhFo/chunk-262WKWUW.mjs]
[framerusercontent.com/sites/1mTe6BoeD3s0uuNFyPlhFo/chunk-T6QC476X.mjs]
[framerusercontent.com/images/64PpT4tDQWWunm6XICOvkAwaQrQ.png]
[framerusercontent.com/images/6mcf62RlDfRfU61Yg5vb2pefpi4.png]
[framerusercontent.com/sites/1mTe6BoeD3s0uuNFyPlhFo/script_main.RPRUB5GC.mjs]
[framerusercontent.com/images/JUyKFOwQUbhDdu4JvKjYYgKLPfw.png]
[framerusercontent.com/images/wedhhjUm60BwnmuJ5A5TTSmYErg.png]
[framerusercontent.com/images/gGLvAFuujw9ttvX8VIhhTovOBVk.png]
[framerusercontent.com/images/hMKU3OCiRDVmf6WwJVvcsIvimpE.png]
[framerusercontent.com/images/pIQJeEtTP0vR7uXk7AMROR68FeI.png]
[framerusercontent.com/sites/1mTe6BoeD3s0uuNFyPlhFo/s66uafphMTPsdsC8priVPNAopPplaVw7Lc56RNB7wPY.5G4E6UXB.mjs]
[framerusercontent.com/sites/1mTe6BoeD3s0uuNFyPlhFo/chunk-JI5QTXS4.mjs]
[framerusercontent.com/sites/1mTe6BoeD3s0uuNFyPlhFo/chunk-GMOILYZO.mjs]
[framerusercontent.com/sites/1mTe6BoeD3s0uuNFyPlhFo/chunk-47UJUQYR.mjs]
[framerusercontent.com/sites/1mTe6BoeD3s0uuNFyPlhFo/e-a-GWp0eFmXPpUGJgGbKpUqJ6D1F0o5-Ju5CHoWSws.WPUM3MPJ.mjs]
[framerusercontent.com/sites/1mTe6BoeD3s0uuNFyPlhFo/FkCIHapChvQhpiKYIYZO6GBKqkcpo3iVI8d1SnkxIUk.ZHX7RZ3X.mjs]
[framerusercontent.com/sites/1mTe6BoeD3s0uuNFyPlhFo/chunk-CUFYNL2U.mjs]
[framerusercontent.com/sites/1mTe6BoeD3s0uuNFyPlhFo/Lzrl6TPtpQ346gwY2WZVrMtD8lIWAXkci6IOY-TP7w4.T2XCGX6T.mjs]
[framerusercontent.com/images/yaTg93Sj4IVZNxefJbsrl61jx4.png]
[framerusercontent.com/images/jTKC5XQyMSFYdzkFKTcSh2lgW74.png]
[framerusercontent.com/images/rriw1YpJ1QXcHCPiTQlww5NIS7M.png]
[framerusercontent.com/sites/1mTe6BoeD3s0uuNFyPlhFo/chunk-RIUMFBNJ.mjs]
[framerusercontent.com/sites/1mTe6BoeD3s0uuNFyPlhFo/chunk-42U43NKG.mjs]
[global-colors-014852.framer.app/projects.html]
[framerusercontent.com/sites/1mTe6BoeD3s0uuNFyPlhFo/chunk-QCIYL3EG.mjs]
[global-colors-014852.framer.app/project_details/aspire-weeb.html]
[global-colors-014852.framer.app/project_details/kstudio.html]
[global-colors-014852.framer.app/project_details/1st-beauty.html]
[global-colors-014852.framer.app/project_details/leadburn.html]
[global-colors-014852.framer.app/project_details/website-for-psychology.html]
[framerusercontent.com/images/6tTbkXggWgQCAJ4DO2QEdXXmgM.svg]
[framerusercontent.com/images/11KSGbIZoRSg4pjdnUoif6MKHI.svg]
[framerusercontent.com/images/c0EZxtMucSR6UOSZk2TBnWsqr4.svg]
[framerusercontent.com/images/27lPwr6m0qWCWuTd76MieCfLWY.svg]
